
> morrovia@1.0.0 test:public-routes
> node --experimental-strip-types --test tests/public-route.test.ts tests/public-route-presentation.test.ts tests/public-route-handoff.test.ts tests/public-route-seo.test.ts tests/curated-route-trust.test.ts tests/public-route-release.test.ts tests/homepage-routes.test.ts tests/route-discovery.test.ts

(node:41636) [MODULE_TYPELESS_PACKAGE_JSON] Warning: Module type of file:///Users/shaun/Documents/Morrovia/tests/curated-route-trust.test.ts is not specified and it doesn't parse as CommonJS.
Reparsing as ES module because module syntax was detected. This incurs a performance overhead.
To eliminate this warning, add "type": "module" to /Users/shaun/Documents/Morrovia/package.json.
(Use `node --trace-warnings ...` to show where the warning was created)
✔ japan-slow keeps curated evidence through handoff, save, and reload (41.910917ms)
✔ andean-highlands keeps curated evidence through handoff, save, and reload (13.3035ms)
✔ portugal-atlantic keeps curated evidence through handoff, save, and reload (18.217625ms)
✔ a flexible-gateway curated-route reorder preserves matching base facts, downgrades coverage, and does not invent transfers (34.797ms)
✔ adding a stop outside the curated route says so without discarding retained evidence (10.05875ms)
(node:41637) [MODULE_TYPELESS_PACKAGE_JSON] Warning: Module type of file:///Users/shaun/Documents/Morrovia/tests/homepage-routes.test.ts is not specified and it doesn't parse as CommonJS.
Reparsing as ES module because module syntax was detected. This incurs a performance overhead.
To eliminate this warning, add "type": "module" to /Users/shaun/Documents/Morrovia/package.json.
(Use `node --trace-warnings ...` to show where the warning was created)
✔ every homepage-eligible route resolves to published detail and a usable planner payload (479.38525ms)
✔ unpublished Southeast Asia catalogue entries cannot leak onto the homepage (268.9125ms)
✔ selection randomises once from immutable eligible data and remains deterministic under a supplied source (461.709459ms)
(node:41638) [MODULE_TYPELESS_PACKAGE_JSON] Warning: Module type of file:///Users/shaun/Documents/Morrovia/tests/public-route-handoff.test.ts is not specified and it doesn't parse as CommonJS.
Reparsing as ES module because module syntax was detected. This incurs a performance overhead.
To eliminate this warning, add "type": "module" to /Users/shaun/Documents/Morrovia/package.json.
(Use `node --trace-warnings ...` to show where the warning was created)
✔ Plan this route carries identity, order, duration, nights and structured intent (59.686417ms)
✔ the reviewed Morocco route reaches Builder with canonical stops and no false Chefchaouen review (9.207333ms)
✔ approved route handoffs carry a resolved ending base through JSON reload into Builder (26.835792ms)
(node:41639) [MODULE_TYPELESS_PACKAGE_JSON] Warning: Module type of file:///Users/shaun/Documents/Morrovia/tests/public-route-presentation.test.ts is not specified and it doesn't parse as CommonJS.
Reparsing as ES module because module syntax was detected. This incurs a performance overhead.
To eliminate this warning, add "type": "module" to /Users/shaun/Documents/Morrovia/package.json.
(Use `node --trace-warnings ...` to show where the warning was created)
✔ published Route Detail keeps its canonical production CSS owner connected (6.46775ms)
✔ the production Route story composes the real owner at every protected review width and fallback (0.224667ms)
✔ browser and MapLibre error events normalize to bounded Error values (0.188625ms)
✔ Route map uses the bundled worker and handles provider errors at its boundary (0.143666ms)
(node:41640) [MODULE_TYPELESS_PACKAGE_JSON] Warning: Module type of file:///Users/shaun/Documents/Morrovia/tests/public-route-release.test.ts is not specified and it doesn't parse as CommonJS.
Reparsing as ES module because module syntax was detected. This incurs a performance overhead.
To eliminate this warning, add "type": "module" to /Users/shaun/Documents/Morrovia/package.json.
(Use `node --trace-warnings ...` to show where the warning was created)
✔ the supported beta route audit records real missing release metadata without changing route data (6.211125ms)
✔ a fully reviewed route passes only with evidence-backed connection assumptions (0.286791ms)
✔ an explicit connection unknown is visible as verification work rather than a fabricated reviewed fact (0.135792ms)
✔ missing connection evidence cannot be upgraded to a reviewed practical claim (0.2555ms)
✔ the owner cannot self-certify the required independent review (0.108208ms)
(node:41641) [MODULE_TYPELESS_PACKAGE_JSON] Warning: Module type of file:///Users/shaun/Documents/Morrovia/tests/public-route-seo.test.ts is not specified and it doesn't parse as CommonJS.
Reparsing as ES module because module syntax was detected. This incurs a performance overhead.
To eliminate this warning, add "type": "module" to /Users/shaun/Documents/Morrovia/package.json.
(Use `node --trace-warnings ...` to show where the warning was created)
✔ route metadata is specific, canonical and branded only by the layout (57.883167ms)
✔ legacy, unknown and review-needed metadata have safe canonical/index behavior (15.168625ms)
✔ metadata indexability cannot drift from sitemap eligibility (545.873625ms)
(node:41642) [MODULE_TYPELESS_PACKAGE_JSON] Warning: Module type of file:///Users/shaun/Documents/Morrovia/tests/public-route.test.ts is not specified and it doesn't parse as CommonJS.
Reparsing as ES module because module syntax was detected. This incurs a performance overhead.
To eliminate this warning, add "type": "module" to /Users/shaun/Documents/Morrovia/package.json.
(Use `node --trace-warnings ...` to show where the warning was created)
✔ legacy public slugs resolve to one canonical route (25.075584ms)
✔ every catalog route derives without mutating curated data and preserves route order (422.861042ms)
✔ Andean route reconciles the approved nine-day story to supported stays and facts (13.015708ms)
✔ published route minima remain authoritative on the public allocation (6.809417ms)
✔ unknown transfers and missing editorial data are omitted instead of fabricated (3.793666ms)
✔ sitemap eligibility is canonical, unique and review-safe (265.661333ms)
✔ every published Discover route resolves through detail and planner handoff (454.581542ms)
✔ unpublished catalogue routes cannot leak into Discover, Route Detail or sitemap publication sets (256.966083ms)
✔ every supported legacy slug redirects once to a published canonical route without collisions (8.442917ms)
✔ previous hostile-audit routes have deliberate publication outcomes (168.330583ms)
(node:41643) [MODULE_TYPELESS_PACKAGE_JSON] Warning: Module type of file:///Users/shaun/Documents/Morrovia/tests/route-discovery.test.ts is not specified and it doesn't parse as CommonJS.
Reparsing as ES module because module syntax was detected. This incurs a performance overhead.
To eliminate this warning, add "type": "module" to /Users/shaun/Documents/Morrovia/package.json.
(Use `node --trace-warnings ...` to show where the warning was created)
✔ featured discovery journeys are drawn only from published routes (0.340959ms)
✔ every surfaced wonder resolves to a real published route that includes that attraction (24.074ms)
✔ unsupported wonder mappings are omitted rather than linked to an unpublished route (0.153708ms)
✔ travel styles are backed by the published route interest taxonomy (0.142791ms)
✔ travel styles without a supporting route are not surfaced (0.438417ms)
ℹ tests 38
ℹ suites 0
ℹ pass 38
ℹ fail 0
ℹ cancelled 0
ℹ skipped 0
ℹ todo 0
ℹ duration_ms 1954.652333
