✔ selected-day map context uses stable route, plan-item, and pin identities (1.432333ms)
✔ crowded day mini-map frames local markers without distant transfer chrome (0.217917ms)
✔ map linkage never selects a pin by a matching timeline title (0.108583ms)
✔ presentational map selection preserves spatial array identity (0.144209ms)
✔ contextual suggestions omit planned and duplicate places, then disappear after the canonical Map add (2.984042ms)
✔ every active day renders three compact slots with direct context carrying Add controls (0.833667ms)
✔ the selected day and slot flow uses the existing canonical trip mutation (0.272667ms)
✔ a stay is booked only when canonical confirmation evidence exists (0.613ms)
✔ a saved stay without confirmation is selected but not booked (0.063375ms)
✔ missing accommodation is shown only for a real overnight requirement (0.060708ms)
✔ the center timeline exposes direct add, edit, remove, reorder, and local selection controls (0.455541ms)
✖ semantic dayparts are primary while the unnumbered detailed editor stays available (0.805875ms)
✔ activity entry has one planner owner while authored notes remain in the Notes rail (0.165667ms)
✔ truthful item status never infers confirmation or per-item time from presence (0.207375ms)
✔ Itinerary uses Map's recovery, queue, CAS, and canonical cache pipeline (0.211833ms)
✔ Itinerary map pins keep canonical item selection without capture workarounds (0.278625ms)
✔ empty day exposes the same three direct planning slots as a populated day (3.095459ms)
✔ populated day shows all three periods and saved unslotted rows (0.125792ms)
✔ direct Add uses the controlled composer and canonical daypart intent (0.089625ms)
✔ mobile populated plan removes surplus section gap without shrinking activity controls (0.120541ms)
✔ travel card copy can wrap inside the shared quiet button at mobile widths (0.0675ms)
✔ the production itinerary owner consumes canonical composition and persists period changes through its mutation path (0.106459ms)
✔ broad periods use semantic headings, canonical controls, and a keyboard-accessible clear state (0.119833ms)
✔ native drag uses a canonical pointer source while preserving every canonical placement path (0.227875ms)
✔ whole, empty, populated, and insertion drop targets retain native acceptance semantics (0.164208ms)
✔ entering native drag mode never changes period geometry (0.116166ms)
✔ mobile hides pointer drag without removing the explicit scheduling and reorder controls (0.1195ms)
✔ mobile keeps the same three slot actions and narrow one-column rhythm (0.088167ms)
✔ slot Add composer, first-class travel, and tonight context stay distinct (0.228958ms)
✔ long names and compact breakpoints remain contained without a parallel mobile data path (0.212708ms)
✔ day parts use the canonical calm surface and heading typography at every width (0.108375ms)
✔ the scheduled card is the primary selection target and editing chrome is secondary (0.10825ms)
✔ the rendered planner follows Travel, chronological day parts, unslotted context, then Tonight (0.067958ms)
✔ Storybook uses the production component for composed planner and responsive states (0.213416ms)
✔ date metadata omits only the open-day question mark while preserving day navigation and item status (1.290625ms)
✔ Itinerary map handoffs preserve the selected day as the return destination (0.179ms)
✔ the itinerary restores the day rail beside the agenda without a second selection owner (0.448792ms)
✔ destination context is a separate route-level control that drives the canonical selected day (0.594417ms)
✔ in-page orientation uses the established numeric day query (0.349542ms)
✔ the selected day timeline uses canonical content and the shared Map persistence architecture (2.028708ms)
✔ day header keeps only canonical day context and navigation (0.829167ms)
✔ selected day photo and consolidated route sources retain exact image ownership (1.076083ms)
✔ Explore remains the canonical discovery handoff without a second header action (0.528417ms)
✔ Map attraction Add schedules the canonical activity instead of only toggling selectedPlaces (0.480625ms)
✔ device-copy recovery is calm, explicit, and links to the protected review path (0.168625ms)
✖ the contextual rail renders canonical map, booking, recommendation, and note data (3.775708ms)
✔ Itinerary uses embedded selection while full Map uses the shared workspace policy (0.411667ms)
✔ Itinerary suggestions reuse discovery, the canonical idea bridge, Map's mapped-place mutation, and the shared persistence hook (0.450625ms)
✔ day suggestions lead retained cross-destination intentions with a three-result preview (0.761709ms)
✔ day navigation is owned by the toolbar and precedes planner content (0.296917ms)
✔ tablet and mobile retain the one horizontal day scroller (0.818125ms)
✖ mobile composition keeps the plan before Saved Ideas and secondary discovery (0.329541ms)
✖ Calendar keeps its items in day cards alongside the shared day context rail (0.795ms)
✖ Calendar places the existing selected-day heading and date before its week grid (2.803542ms)
✔ scheduled cards open one reusable detail owner without introducing another persistence model (0.189875ms)
✖ activity, restaurant, and accommodation detail stay truthful and omit absent facts (0.905ms)
✔ long canonical and provider content stays inside the timeline and planning rail (0.549583ms)
✔ saved ideas have one shared stop-scoped unscheduled owner in the planning rail (0.312917ms)
✔ Notes is the only note-entry owner and stays inside the Day-by-day context body (0.190542ms)
✔ Viator inventory uses compact disclosure and suppresses the generic fallback when a live product is visible (0.203583ms)
✔ recommendation cards use canonical day scoring, an accessible itinerary menu, and separate Add and Save actions (0.914542ms)
✔ selected-day deep links do not override a traveller's later day choice after local mutations (0.041458ms)
✔ suggestion requests use the shared stale-result and cancellation guard (0.12475ms)
✖ planner drag ownership survives native pointer timing and is cleared at workspace boundaries (0.34225ms)
✔ day placement menus escape the scroll owner through a viewport-positioned portal (0.188541ms)
✔ an unavailable Suggestions lane is compact, resets active drag, and retries without overlap (0.341042ms)
✔ Itinerary keeps stay management in the canonical Stay owner (0.103334ms)
✔ Logistics keeps transfer and other bookings while accommodation moves to the day context (0.2175ms)
ℹ tests 68
ℹ suites 0
ℹ pass 61
ℹ fail 7
ℹ cancelled 0
ℹ skipped 0
ℹ todo 0
ℹ duration_ms 256.809333
✖ failing tests:
✖ semantic dayparts are primary while the unnumbered detailed editor stays available (0.805875ms)
✖ the contextual rail renders canonical map, booking, recommendation, and note data (3.775708ms)
✖ mobile composition keeps the plan before Saved Ideas and secondary discovery (0.329541ms)
✖ Calendar keeps its items in day cards alongside the shared day context rail (0.795ms)
✖ Calendar places the existing selected-day heading and date before its week grid (2.803542ms)
✖ activity, restaurant, and accommodation detail stay truthful and omit absent facts (0.905ms)
✖ planner drag ownership survives native pointer timing and is cleared at workspace boundaries (0.34225ms)
