✔ selected-day map context uses stable route, plan-item, and pin identities (1.540791ms)
✔ crowded day mini-map frames local markers without distant transfer chrome (0.220583ms)
✔ map linkage never selects a pin by a matching timeline title (0.283167ms)
✔ presentational map selection preserves spatial array identity (0.276125ms)
✔ contextual suggestions omit planned and duplicate places, then disappear after the canonical Map add (3.135291ms)
✔ every active day renders three compact slots with direct context carrying Add controls (0.43575ms)
✔ the selected day and slot flow uses the existing canonical trip mutation (0.105584ms)
✔ a stay is booked only when canonical confirmation evidence exists (0.654917ms)
✔ a saved stay without confirmation is selected but not booked (0.07225ms)
✔ missing accommodation is shown only for a real overnight requirement (0.073958ms)
✔ the center timeline exposes direct add, edit, remove, reorder, and local selection controls (0.439375ms)
✖ semantic dayparts are primary while the unnumbered detailed editor stays available (0.750417ms)
✔ activity entry has one planner owner while authored notes remain in the Notes rail (0.155291ms)
✔ truthful item status never infers confirmation or per-item time from presence (0.199292ms)
✔ Itinerary uses Map's recovery, queue, CAS, and canonical cache pipeline (0.1965ms)
✔ Itinerary map pins keep canonical item selection without capture workarounds (0.40025ms)
✔ empty day exposes the same three direct planning slots as a populated day (0.423083ms)
✔ populated day shows all three periods and saved unslotted rows (0.106084ms)
✔ direct Add uses the controlled composer and canonical daypart intent (0.087375ms)
✔ mobile populated plan removes surplus section gap without shrinking activity controls (0.1245ms)
✔ travel card copy can wrap inside the shared quiet button at mobile widths (0.074083ms)
✔ the production itinerary owner consumes canonical composition and persists period changes through its mutation path (0.099375ms)
✔ broad periods use semantic headings, canonical controls, and a keyboard-accessible clear state (0.112709ms)
✔ native drag uses a canonical pointer source while preserving every canonical placement path (0.239458ms)
✔ whole, empty, populated, and insertion drop targets retain native acceptance semantics (0.163958ms)
✔ entering native drag mode never changes period geometry (0.108833ms)
✔ mobile hides pointer drag without removing the explicit scheduling and reorder controls (1.755417ms)
✔ mobile keeps the same three slot actions and narrow one-column rhythm (0.10925ms)
✔ slot Add composer, first-class travel, and tonight context stay distinct (0.2935ms)
✔ long names and compact breakpoints remain contained without a parallel mobile data path (0.250125ms)
✔ day parts use the canonical calm surface and heading typography at every width (0.135333ms)
✔ the scheduled card is the primary selection target and editing chrome is secondary (0.09975ms)
✔ the rendered planner follows Travel, chronological day parts, unslotted context, then Tonight (0.063542ms)
✔ Storybook uses the production component for composed planner and responsive states (2.304542ms)
✔ date metadata omits only the open-day question mark while preserving day navigation and item status (0.611084ms)
✔ Itinerary map handoffs preserve the selected day as the return destination (0.121959ms)
✔ the itinerary restores the day rail beside the agenda without a second selection owner (0.291125ms)
✔ destination context is a separate route-level control that drives the canonical selected day (0.393875ms)
✔ in-page orientation uses the established numeric day query (0.089333ms)
✔ the selected day timeline uses canonical content and the shared Map persistence architecture (0.097667ms)
✔ day header keeps only canonical day context and navigation (0.5105ms)
✔ selected day photo and consolidated route sources retain exact image ownership (0.4285ms)
✔ Explore remains the canonical discovery handoff without a second header action (0.2515ms)
✔ Map attraction Add schedules the canonical activity instead of only toggling selectedPlaces (0.1945ms)
✔ device-copy recovery is calm, explicit, and links to the protected review path (0.083208ms)
✖ the contextual rail renders canonical map, booking, recommendation, and note data (0.770417ms)
✔ Itinerary uses embedded selection while full Map uses the shared workspace policy (0.174917ms)
✔ Itinerary suggestions reuse discovery, the canonical idea bridge, Map's mapped-place mutation, and the shared persistence hook (0.239083ms)
✔ day suggestions lead retained cross-destination intentions with a three-result preview (0.260208ms)
✔ day navigation is owned by the toolbar and precedes planner content (0.132792ms)
✔ tablet and mobile retain the one horizontal day scroller (0.388292ms)
✖ mobile composition keeps the plan before Saved Ideas and secondary discovery (0.153292ms)
✖ Calendar keeps its items in day cards alongside the shared day context rail (0.312958ms)
✖ Calendar places the existing selected-day heading and date before its week grid (2.083041ms)
✔ scheduled cards open one reusable detail owner without introducing another persistence model (0.597875ms)
✖ activity, restaurant, and accommodation detail stay truthful and omit absent facts (1.715625ms)
✔ long canonical and provider content stays inside the timeline and planning rail (3.349125ms)
✔ saved ideas have one shared stop-scoped unscheduled owner in the planning rail (0.402167ms)
✔ Notes is the only note-entry owner and stays inside the Day-by-day context body (0.222875ms)
✔ Viator inventory uses compact disclosure and suppresses the generic fallback when a live product is visible (0.306875ms)
✔ recommendation cards use canonical day scoring, an accessible itinerary menu, and separate Add and Save actions (1.013166ms)
✔ selected-day deep links do not override a traveller's later day choice after local mutations (0.042125ms)
✔ suggestion requests use the shared stale-result and cancellation guard (0.128416ms)
✖ planner drag ownership survives native pointer timing and is cleared at workspace boundaries (0.345958ms)
✔ day placement menus escape the scroll owner through a viewport-positioned portal (0.187416ms)
✔ an unavailable Suggestions lane is compact, resets active drag, and retries without overlap (0.271625ms)
✔ Itinerary keeps stay management in the canonical Stay owner (0.100583ms)
✔ Logistics keeps transfer and other bookings while accommodation moves to the day context (0.225708ms)
ℹ tests 68
ℹ suites 0
ℹ pass 61
ℹ fail 7
ℹ cancelled 0
ℹ skipped 0
ℹ todo 0
ℹ duration_ms 273.069667
✖ failing tests:
✖ semantic dayparts are primary while the unnumbered detailed editor stays available (0.750417ms)
✖ the contextual rail renders canonical map, booking, recommendation, and note data (0.770417ms)
✖ mobile composition keeps the plan before Saved Ideas and secondary discovery (0.153292ms)
✖ Calendar keeps its items in day cards alongside the shared day context rail (0.312958ms)
✖ Calendar places the existing selected-day heading and date before its week grid (2.083041ms)
✖ activity, restaurant, and accommodation detail stay truthful and omit absent facts (1.715625ms)
✖ planner drag ownership survives native pointer timing and is cleared at workspace boundaries (0.345958ms)
