(node:92842) [MODULE_TYPELESS_PACKAGE_JSON] Warning: Module type of file:///Users/shaun/Documents/Morrovia/tests/immersive-homepage.test.ts is not specified and it doesn't parse as CommonJS.
Reparsing as ES module because module syntax was detected. This incurs a performance overhead.
To eliminate this warning, add "type": "module" to /Users/shaun/Documents/Morrovia/package.json.
(Use `node --trace-warnings ...` to show where the warning was created)
✔ homepage switch fails closed, without browser-dependent routing (0.6565ms)
✔ route chapters cannot publish prototype data or silently change canonical Japan (286.79075ms)
✔ random choice is injectable and stable, navigation wraps, scroll correction stays local (435.648792ms)
✔ hero composes real capture and current handoff owners (0.315833ms)
✔ one night decision persists between demo views without changing catalogue data (175.500584ms)
✔ demo has no account, storage, analytics or mutation dependency and lazy-loads the map (0.442125ms)
✔ all sixteen affiliate states have provenance, distinct files and responsive variants (0.238917ms)
✔ affiliate chapter delegates clicks to canonical owner without writing readiness state (0.125166ms)
✔ destination imagery is matched to canonical places with explicit source rights (182.356708ms)
✔ quiet view stops scroll work and the final action focuses the original prompt (0.293792ms)
(node:92843) [MODULE_TYPELESS_PACKAGE_JSON] Warning: Module type of file:///Users/shaun/Documents/Morrovia/tests/immersive-route-content.test.ts is not specified and it doesn't parse as CommonJS.
Reparsing as ES module because module syntax was detected. This incurs a performance overhead.
To eliminate this warning, add "type": "module" to /Users/shaun/Documents/Morrovia/package.json.
(Use `node --trace-warnings ...` to show where the warning was created)
✔ japan-slow: canonical draft preserves sequence, countries, coordinates and minimum nights without publishing (21.122416ms)
✔ balkans-overland: canonical draft preserves sequence, countries, coordinates and minimum nights without publishing (6.778667ms)
✔ vietnam-cambodia: canonical draft preserves sequence, countries, coordinates and minimum nights without publishing (4.93475ms)
✔ iceland-ring-road: canonical draft preserves sequence, countries, coordinates and minimum nights without publishing (4.75325ms)
✔ five-stop Japan identities resolve independently; the canonical five-stop route awaits independent approval (6.853208ms)
✔ homepage stays default-off and excludes all four families pending sign-off (137.131292ms)
✔ destination photographs carry attribution and existing local variants; Osaka and Höfn are production-mapped (0.564125ms)
✔ Paris → Brussels → Amsterdam retains rail through owner normalization and JSON reload (13.519083ms)
✔ all four pass release, catalogue, sitemap, homepage and demo boundaries after independent sign-off in an isolated harness (16724.181875ms)
✔ a confidence change alone cannot publish an unsigned route (120.389083ms)
ℹ tests 20
ℹ suites 0
ℹ pass 20
ℹ fail 0
ℹ cancelled 0
ℹ skipped 0
ℹ todo 0
ℹ duration_ms 17181.366834
