(node:94560) [MODULE_TYPELESS_PACKAGE_JSON] Warning: Module type of file:///Users/shaun/Documents/Morrovia/tests/immersive-homepage.test.ts is not specified and it doesn't parse as CommonJS.
Reparsing as ES module because module syntax was detected. This incurs a performance overhead.
To eliminate this warning, add "type": "module" to /Users/shaun/Documents/Morrovia/package.json.
(Use `node --trace-warnings ...` to show where the warning was created)
✔ homepage switch fails closed, without browser-dependent routing (0.455042ms)
✔ route chapters cannot publish prototype data or silently change canonical Japan (407.422375ms)
✔ random choice is injectable and stable, navigation wraps, scroll correction stays local (489.526917ms)
✔ hero composes real capture and current handoff owners (0.3345ms)
✔ one night decision persists between demo views without changing catalogue data (179.882958ms)
✔ demo has no account, storage, analytics or mutation dependency and lazy-loads the map (0.379916ms)
✔ all sixteen affiliate states have provenance, distinct files and responsive variants (0.243084ms)
✔ affiliate chapter delegates clicks to canonical owner without writing readiness state (0.167792ms)
✔ destination imagery is matched to canonical places with explicit source rights (171.560667ms)
✔ quiet view stops scroll work and the final action focuses the original prompt (0.330291ms)
(node:94561) [MODULE_TYPELESS_PACKAGE_JSON] Warning: Module type of file:///Users/shaun/Documents/Morrovia/tests/immersive-route-content.test.ts is not specified and it doesn't parse as CommonJS.
Reparsing as ES module because module syntax was detected. This incurs a performance overhead.
To eliminate this warning, add "type": "module" to /Users/shaun/Documents/Morrovia/package.json.
(Use `node --trace-warnings ...` to show where the warning was created)
✔ japan-slow: approved canonical route preserves sequence, countries, coordinates and minimum nights (24.499542ms)
✔ balkans-overland: approved canonical route preserves sequence, countries, coordinates and minimum nights (8.934334ms)
✔ vietnam-cambodia: approved canonical route preserves sequence, countries, coordinates and minimum nights (7.879125ms)
✔ iceland-ring-road: approved canonical route preserves sequence, countries, coordinates and minimum nights (8.559042ms)
✔ five-stop Japan identities resolve independently; the approved canonical route uses all five (6.046167ms)
✔ homepage stays default-off while admitting all four approved families (179.71075ms)
✔ destination photographs carry attribution and existing local variants; Osaka and Höfn are production-mapped (0.710625ms)
✔ Paris → Brussels → Amsterdam retains rail through owner normalization and JSON reload (15.528667ms)
✔ all four pass release, catalogue, sitemap, homepage and demo boundaries with recorded independent sign-off (16959.2935ms)
✔ a confidence change alone cannot publish an unsigned route (157.91725ms)
ℹ tests 20
ℹ suites 0
ℹ pass 20
ℹ fail 0
ℹ cancelled 0
ℹ skipped 0
ℹ todo 0
ℹ duration_ms 17503.762583
