(node:95353) [MODULE_TYPELESS_PACKAGE_JSON] Warning: Module type of file:///Users/shaun/Documents/Morrovia/lib/easyt/public-route.ts is not specified and it doesn't parse as CommonJS.
Reparsing as ES module because module syntax was detected. This incurs a performance overhead.
To eliminate this warning, add "type": "module" to /Users/shaun/Documents/Morrovia/package.json.
(Use `node --trace-warnings ...` to show where the warning was created)
[
  {
    key: 'japan-slow',
    status: 200,
    noindex: false,
    notFoundRendered: false,
    hasRouteHeading: true,
    stops: [ [Object], [Object], [Object], [Object], [Object] ],
    startLink: true,
    canonical: 'https://morrovia.com/journey/routes/japan-slow'
  },
  {
    key: 'balkans-overland',
    status: 200,
    noindex: false,
    notFoundRendered: false,
    hasRouteHeading: true,
    stops: [ [Object], [Object], [Object], [Object] ],
    startLink: true,
    canonical: 'https://morrovia.com/journey/routes/balkans-overland'
  },
  {
    key: 'vietnam-cambodia',
    status: 200,
    noindex: false,
    notFoundRendered: false,
    hasRouteHeading: true,
    stops: [ [Object], [Object], [Object], [Object] ],
    startLink: true,
    canonical: 'https://morrovia.com/journey/routes/vietnam-cambodia'
  },
  {
    key: 'iceland-ring-road',
    status: 200,
    noindex: false,
    notFoundRendered: false,
    hasRouteHeading: true,
    stops: [ [Object], [Object], [Object], [Object], [Object] ],
    startLink: true,
    canonical: 'https://morrovia.com/journey/routes/iceland-ring-road'
  },
  {
    sitemap: [
      'japan-slow',
      'balkans-overland',
      'vietnam-cambodia',
      'iceland-ring-road'
    ]
  }
]
